[webthemez.com/demo/courage-bootstrap-4-corporate-business-template/index.html]
[backblue.gif]
[fade.gif]
[index.html]
[webthemez.com/demo/courage-bootstrap-4-corporate-business-template/img/favicon.png]
[webthemez.com/demo/courage-bootstrap-4-corporate-business-template/img/apple-touch-icon.png]
[webthemez.com/demo/courage-bootstrap-4-corporate-business-template/lib/bootstrap/css/bootstrap.min.css]
[webthemez.com/demo/courage-bootstrap-4-corporate-business-template/lib/font-awesome/css/font-awesome.min.css]
[webthemez.com/demo/courage-bootstrap-4-corporate-business-template/lib/animate/animate.min.css]
[webthemez.com/demo/courage-bootstrap-4-corporate-business-template/lib/ionicons/css/ionicons.min.css]
[webthemez.com/demo/courage-bootstrap-4-corporate-business-template/lib/owlcarousel/assets/owl.carousel.min.css]
[webthemez.com/demo/courage-bootstrap-4-corporate-business-template/lib/magnific-popup/magnific-popup.css]
[webthemez.com/demo/courage-bootstrap-4-corporate-business-template/css/style.css]
[webthemez.com/demo/courage-bootstrap-4-corporate-business-template/img/intro-carousel/banner.svg]
[webthemez.com/demo/courage-bootstrap-4-corporate-business-template/img/about.svg]
[webthemez.com/demo/courage-bootstrap-4-corporate-business-template/img/clients/client-1.png]
[webthemez.com/demo/courage-bootstrap-4-corporate-business-template/img/clients/client-2.png]
[webthemez.com/demo/courage-bootstrap-4-corporate-business-template/img/clients/client-3.png]
[webthemez.com/demo/courage-bootstrap-4-corporate-business-template/img/clients/client-4.png]
[webthemez.com/demo/courage-bootstrap-4-corporate-business-template/img/clients/client-5.png]
[webthemez.com/demo/courage-bootstrap-4-corporate-business-template/img/clients/client-6.png]
[webthemez.com/demo/courage-bootstrap-4-corporate-business-template/img/portfolio/1.jpg]
[webthemez.com/demo/courage-bootstrap-4-corporate-business-template/img/portfolio/2.jpg]
[webthemez.com/demo/courage-bootstrap-4-corporate-business-template/img/portfolio/3.jpg]
[webthemez.com/demo/courage-bootstrap-4-corporate-business-template/img/portfolio/4.jpg]
[webthemez.com/demo/courage-bootstrap-4-corporate-business-template/img/portfolio/5.jpg]
[webthemez.com/demo/courage-bootstrap-4-corporate-business-template/img/portfolio/6.jpg]
[webthemez.com/demo/courage-bootstrap-4-corporate-business-template/img/portfolio/7.jpg]
[webthemez.com/demo/courage-bootstrap-4-corporate-business-template/img/portfolio/8.jpg]
[webthemez.com/demo/courage-bootstrap-4-corporate-business-template/img/team1.jpg]
[webthemez.com/demo/courage-bootstrap-4-corporate-business-template/img/team2.jpg]
[webthemez.com/demo/courage-bootstrap-4-corporate-business-template/img/team3.jpg]
[webthemez.com/demo/courage-bootstrap-4-corporate-business-template/img/team4.jpg]
[webthemez.com/demo/courage-bootstrap-4-corporate-business-template/lib/jquery/jquery.min.js]
[webthemez.com/demo/courage-bootstrap-4-corporate-business-template/lib/jquery/jquery-migrate.min.js]
[webthemez.com/demo/courage-bootstrap-4-corporate-business-template/lib/bootstrap/js/bootstrap.bundle.min.js]
[webthemez.com/demo/courage-bootstrap-4-corporate-business-template/lib/easing/easing.min.js]
[webthemez.com/demo/courage-bootstrap-4-corporate-business-template/lib/superfish/hoverIntent.js]
[webthemez.com/demo/courage-bootstrap-4-corporate-business-template/lib/superfish/superfish.min.js]
[webthemez.com/demo/courage-bootstrap-4-corporate-business-template/lib/wow/wow.min.js]
[webthemez.com/demo/courage-bootstrap-4-corporate-business-template/lib/owlcarousel/owl.carousel.min.js]
[webthemez.com/demo/courage-bootstrap-4-corporate-business-template/lib/magnific-popup/magnific-popup.min.js]
[webthemez.com/demo/courage-bootstrap-4-corporate-business-template/lib/sticky/sticky.js]
[webthemez.com/demo/courage-bootstrap-4-corporate-business-template/contact/jqBootstrapValidation.js]
[webthemez.com/demo/courage-bootstrap-4-corporate-business-template/contact/contact_me.js]
[webthemez.com/demo/courage-bootstrap-4-corporate-business-template/js/main.js]
[webthemez.com/demo/courage-bootstrap-4-corporate-business-template/index.html]
[webthemez.com/demo/courage-bootstrap-4-corporate-business-template/lib/bootstrap/css/bootstrap.min.css]
[webthemez.com/demo/courage-bootstrap-4-corporate-business-template/lib/font-awesome/fonts/fontawesome-webfont3e6e.eot]
[webthemez.com/demo/courage-bootstrap-4-corporate-business-template/lib/font-awesome/fonts/fontawesome-webfontd41d.eot]
[webthemez.com/demo/courage-bootstrap-4-corporate-business-template/lib/font-awesome/fonts/fontawesome-webfont3e6e.woff]
[webthemez.com/demo/courage-bootstrap-4-corporate-business-template/lib/font-awesome/css/font-awesome.min.css]
[webthemez.com/demo/courage-bootstrap-4-corporate-business-template/lib/animate/animate.min.css]
[webthemez.com/demo/courage-bootstrap-4-corporate-business-template/lib/font-awesome/fonts/fontawesome-webfont3e6e.ttf]
[webthemez.com/demo/courage-bootstrap-4-corporate-business-template/lib/font-awesome/fonts/fontawesome-webfont3e6e.svg]
[webthemez.com/demo/courage-bootstrap-4-corporate-business-template/lib/ionicons/fonts/ionicons28b5.eot]
[webthemez.com/demo/courage-bootstrap-4-corporate-business-template/lib/ionicons/fonts/ionicons28b5.ttf]
[webthemez.com/demo/courage-bootstrap-4-corporate-business-template/lib/ionicons/fonts/ionicons28b5.woff]
[webthemez.com/demo/courage-bootstrap-4-corporate-business-template/lib/ionicons/css/ionicons.min.css]
[webthemez.com/demo/courage-bootstrap-4-corporate-business-template/lib/ionicons/fonts/ionicons28b5.svg]
[webthemez.com/demo/courage-bootstrap-4-corporate-business-template/lib/owlcarousel/assets/owl.video.play.png]
[webthemez.com/demo/courage-bootstrap-4-corporate-business-template/lib/owlcarousel/assets/owl.carousel.min.css]
[webthemez.com/demo/courage-bootstrap-4-corporate-business-template/lib/magnific-popup/magnific-popup.css]
[webthemez.com/demo/courage-bootstrap-4-corporate-business-template/img/intro-carousel/banner-bg2.png]
[webthemez.com/demo/courage-bootstrap-4-corporate-business-template/css/style.css]
[webthemez.com/demo/courage-bootstrap-4-corporate-business-template/img/intro-carousel/banner.svg]
[webthemez.com/demo/courage-bootstrap-4-corporate-business-template/img/about.svg]
[webthemez.com/demo/courage-bootstrap-4-corporate-business-template/lib/font-awesome/fonts/fontawesome-webfont3e6e.html]
[webthemez.com/demo/courage-bootstrap-4-corporate-business-template/lib/font-awesome/fonts/fontawesome-webfont3e6e.svg]
[webthemez.com/demo/courage-bootstrap-4-corporate-business-template/lib/ionicons/fonts/ionicons28b5.svg]
